// Jest Snapshot v1, https://goo.gl/fbAQLP

exports[`Tag should render a Tag 1`] = `
<span
  className="sc-aXZVg jOKVwh"
>
  Tag
</span>
`;
