// Jest Snapshot v1, https://goo.gl/fbAQLP

exports[`Column should render a column div 1`] = `
<div
  className="sc-aXZVg bbxHZc"
>
  <span>
    Subcomponent
  </span>
</div>
`;
