// Jest Snapshot v1, https://goo.gl/fbAQLP

exports[`Price should render a price 1`] = `
<p
  className="sc-aXZVg bBQjff"
>
  R$559
  <small>
    ,90
  </small>
</p>
`;
