// Jest Snapshot v1, https://goo.gl/fbAQLP

exports[`Container should render a container div 1`] = `
<div
  className="sc-aXZVg jGrAWV"
>
  <span>
    Subcomponent
  </span>
</div>
`;
