// Jest Snapshot v1, https://goo.gl/fbAQLP

exports[`TitleLarge should render a subtitle 1`] = `
<h4
  className="sc-bdVaJa fvhjjj"
>
  This is a SubTitle
</h4>
`;
