// Jest Snapshot v1, https://goo.gl/fbAQLP

exports[`Button should render a button 1`] = `
<button
  className="sc-aXZVg htEDnf"
  onClick={[MockFunction]}
>
  Button
</button>
`;
