// Jest Snapshot v1, https://goo.gl/fbAQLP

exports[`HeadingSmall should render a title 1`] = `
<h2
  className="sc-aXZVg kVzxop"
>
  This is a title
</h2>
`;
