// Jest Snapshot v1, https://goo.gl/fbAQLP

exports[`Tooltip Should render a tooltip 1`] = `
<span
  className="sc-bdVaJa ghtGNQ"
  type="default"
>
  This is a tooltip
</span>
`;
