// Jest Snapshot v1, https://goo.gl/fbAQLP

exports[`BodyLarge should render a text 1`] = `
<p
  className="sc-bdVaJa bkKgqO"
>
  This is a text
</p>
`;
