// Jest Snapshot v1, https://goo.gl/fbAQLP

exports[`Row should render a row div 1`] = `
<div
  align="flex-start"
  className="sc-bcXGWu htVJnA"
>
  <span>
    Subcomponent
  </span>
</div>
`;
