// Jest Snapshot v1, https://goo.gl/fbAQLP

exports[`CustomTooltip Should render a tooltip 1`] = `
<span
  className="sc-aXZVg sc-gEvEer grgWYs jhznbY custom-tooltip"
  type="default"
>
  <img
    alt="Escala"
    src="https://evino-res.cloudinary.com/image/upload/v1614018200/web/assets/escala.png"
  />
  <p>
    Classificação de acordo com a legislação brasileira em relação ao conteúdo de açúcar, expresso em gramas por litro de glicose (g/L).
  </p>
</span>
`;
