// Jest Snapshot v1, https://goo.gl/fbAQLP

exports[`HeadingLarge should render a title 1`] = `
<h2
  className="sc-aXZVg bXeNeM"
>
  This is a title
</h2>
`;
